Python 3.2.2 (default, Sep  4 2011, 09:51:08) [MSC v.1500 32 bit (Intel)] on win32
Type "copyright", "credits" or "license()" for more information.
>>> def twinkle():
   return print("Twinkle,twinkle,little star, \n\tHow I wonder what you are! \n\t\tUp above the world so high, \n\t\tLike a diamond in the sky. \nTwinkle,twinkle,little star, \n\tHow I wonder wht you are!")
twinkle()
SyntaxError: invalid syntax
>>> twinkle()
Traceback (most recent call last):
  File "<pyshell#2>", line 1, in <module>
    twinkle()
NameError: name 'twinkle' is not defined
>>> def twinkle():
	return ("Twinkle,twinkle,little star, \n\tHow I wonder what you are! \n\t\tUp above the world so high, \n\t\tLike a diamond in the sky. \nTwinkle,twinkle,little star, \n\tHow I wonder wht you are!")
twinkle()
SyntaxError: invalid syntax
>>> print (twinkle())
Traceback (most recent call last):
  File "<pyshell#5>", line 1, in <module>
    print (twinkle())
NameError: name 'twinkle' is not defined
>>> def twinkle():
	return ("Twinkle,twinkle,little star, \n\tHow I wonder what you are! \n\t\tUp above the world so high, \n\t\tLike a diamond in the sky. \nTwinkle,twinkle,little star, \n\tHow I wonder wht you are!")

>>> twinkle()
'Twinkle,twinkle,little star, \n\tHow I wonder what you are! \n\t\tUp above the world so high, \n\t\tLike a diamond in the sky. \nTwinkle,twinkle,little star, \n\tHow I wonder wht you are!'
>>> print (twinkle())
Twinkle,twinkle,little star, 
	How I wonder what you are! 
		Up above the world so high, 
		Like a diamond in the sky. 
Twinkle,twinkle,little star, 
	How I wonder wht you are!
>>> 

