Python 3.2.2 (default, Sep  4 2011, 09:51:08) [MSC v.1500 32 bit (Intel)] on win32
Type "copyright", "credits" or "license()" for more information.
>>> #!/usr/bin/env python3
>>> # Rock Paper Scissors: The video Game
>>> import random
>>> import time
>>> 
>>> Rock=1
>>> paper=2
>>> scissors=3
>>> 
>>> names = {Rock:"Rock",paper"paper",scissors"scissors"}
SyntaxError: invalid syntax
>>> names = {Rock:"Rock",paper:"Paper",scissors:"Scissors"}
>>> rules = {rock:scissors,paper:rock,scissors:paper}
Traceback (most recent call last):
  File "<pyshell#11>", line 1, in <module>
    rules = {rock:scissors,paper:rock,scissors:paper}
NameError: name 'rock' is not defined
>>> rules = {Rock:scissors,paper:Rock,scissors:paper}
>>> 
>>> player_score = 0
>>> computer_score=0
>>> 
>>> def start():
	print ("lets play a game of rock, paper, scissors")
	while game():
		pass
	scores()

	
>>> def game():
	player = move()
	computer=random.randint(1,3)
	result(player,computer)
	return play_again()

>>> def move():
	while True:
		print
		player = raw_input("Rock=1\nPaper=2\nScissors=3\nMake a move:")
		try:
			player = int(player)
			if player in(1,2,3):
				return player
		except ValueError:
			pass
		print("oops!I didn't understand that,Please enter 1,2,or 3.")

		
>>> def result(player,computer):
	print("1...")
	time.sleep(1)
	print("2...")
	time.sleep(1)
	print("3!")
	time.sleep(0.5)
	print("computer threw {0}!".format(names[computer]))
	global player_score==computer_score
	
SyntaxError: invalid syntax
>>>  def result(player,computer):
	print("1...")
	time.sleep(1)
	print("2...")
	time.sleep(1)
	print("3!")
	time.sleep(0.5)
	print("computer threw {0}!".format(names[computer]))
	global player_score,computer_score
	
SyntaxError: unexpected indent
>>> if player== computer
SyntaxError: invalid syntax
>>> def result(player,computer):
	print("1...")
	time.sleep(1)
	print("2...")
	time.sleep(1)
	print("3!")
	time.sleep(0.5)
	print("computer threw {0}!".format(names[computer]))
	global player_score,computer_score
	if player == computer:
		print("tie game")
	else:
		if rules[player]==computer:
			print("Victory is yours")
			player_score+= 1
		else:
			print("The computer gets the W and You take the L.")
			computer_score+= 1

			
>>> def play_again():
	answer= raw_input("Would you like to play again")
	if answer in("y","Y","yes","Yes","Of course!")
	
SyntaxError: invalid syntax
>>> def play_again():
	answer= raw_input("Would you like to play again")
	if answer in("y","Y","yes","Yes","Of course!"):
		return answer
	else:
		print("Thanks For Playing our game!")

		
>>> def scores():
	global player_score,computer_score
	print("HIGH SCORES")
	print("Player:",player_score)
	print("Computer:"computer_score)
	
SyntaxError: invalid syntax
>>> 
[DEBUG ON]
>>> 
[DEBUG OFF]
>>> def scores():
	global player_score,computer_score
	print("HIGH SCORES")
	print("Player:",player_score)
	print("Computer:",computer_score)

	
>>> def move():
	while True:
		print
		player = input("Rock=1\nPaper=2\nScissors=3\nMake a move:")
		try:
			player = int(player)
			if player in(1,2,3):
				return player
		except ValueError:
			pass
		print("oops!I didn't understand that,Please enter 1,2,or 3.")

		
>>> def play_again():
	answer= input("Would you like to play again")
	if answer in("y","Y","yes","Yes","Of course!"):
		return answer
	else:
		print("Thanks For Playing our game!")

		
>>> start()
lets play a game of rock, paper, scissors
Rock=1
Paper=2
Scissors=3
Make a move:1
1...
2...
3!
computer threw Paper!
The computer gets the W and You take the L.
Would you like to play again y
Thanks For Playing our game!
HIGH SCORES
Player: 0
Computer: 1
>>> start()
lets play a game of rock, paper, scissors
Rock=1
Paper=2
Scissors=3
Make a move:3
1...
2...
3!
computer threw Scissors!
tie game
Would you like to play again "yes"
Thanks For Playing our game!
HIGH SCORES
Player: 0
Computer: 1
>>> play_again
<function play_again at 0x02E1B4F8>
>>> start()
lets play a game of rock, paper, scissors
Rock=1
Paper=2
Scissors=3
Make a move:2
1...
2...
3!
computer threw Rock!
Victory is yours
Would you like to play again 
Thanks For Playing our game!
HIGH SCORES
Player: 1
Computer: 1
>>> 
>>> start()
lets play a game of rock, paper, scissors
Rock=1
Paper=2
Scissors=3
Make a move:4
oops!I didn't understand that,Please enter 1,2,or 3.
Rock=1
Paper=2
Scissors=3
Make a move:
